[0.425s] Invoking command in '/home/varsha/drone_ws/src/ros_pipeline/drone_pipeline': PYTHONPATH=/home/varsha/drone_ws/src/ros_pipeline/drone_pipeline/build/drone_pipeline/prefix_override:/usr/lib/python3/dist-packages/colcon_core/task/python/colcon_distutils_commands:/home/varsha/drone_ws/src/ros_pipeline/drone_pipeline/install/drone_pipeline/lib/python3.10/site-packages:${PYTHONPATH} /usr/bin/python3 -W ignore:setup.py install is deprecated -W ignore:easy_install command is deprecated setup.py egg_info --egg-base build/drone_pipeline build --build-base /home/varsha/drone_ws/src/ros_pipeline/drone_pipeline/build/drone_pipeline/build install --record /home/varsha/drone_ws/src/ros_pipeline/drone_pipeline/build/drone_pipeline/install.log --install-scripts $base/lib/drone_pipeline --single-version-externally-managed install_data
[0.589s] running egg_info
[0.598s] creating build/drone_pipeline/drone_pipeline.egg-info
[0.599s] writing build/drone_pipeline/drone_pipeline.egg-info/PKG-INFO
[0.599s] writing dependency_links to build/drone_pipeline/drone_pipeline.egg-info/dependency_links.txt
[0.599s] writing entry points to build/drone_pipeline/drone_pipeline.egg-info/entry_points.txt
[0.599s] writing requirements to build/drone_pipeline/drone_pipeline.egg-info/requires.txt
[0.599s] writing top-level names to build/drone_pipeline/drone_pipeline.egg-info/top_level.txt
[0.690s] writing manifest file 'build/drone_pipeline/drone_pipeline.egg-info/SOURCES.txt'
[0.715s] reading manifest file 'build/drone_pipeline/drone_pipeline.egg-info/SOURCES.txt'
[0.716s] writing manifest file 'build/drone_pipeline/drone_pipeline.egg-info/SOURCES.txt'
[0.716s] running build
[0.716s] running build_py
[0.716s] creating /home/varsha/drone_ws/src/ros_pipeline/drone_pipeline/build/drone_pipeline/build/lib/drone_pipeline
[0.717s] copying drone_pipeline/mock_camera_node.py -> /home/varsha/drone_ws/src/ros_pipeline/drone_pipeline/build/drone_pipeline/build/lib/drone_pipeline
[0.717s] copying drone_pipeline/__init__.py -> /home/varsha/drone_ws/src/ros_pipeline/drone_pipeline/build/drone_pipeline/build/lib/drone_pipeline
[0.717s] copying drone_pipeline/payload_control_node.py -> /home/varsha/drone_ws/src/ros_pipeline/drone_pipeline/build/drone_pipeline/build/lib/drone_pipeline
[0.717s] copying drone_pipeline/camera_node.py -> /home/varsha/drone_ws/src/ros_pipeline/drone_pipeline/build/drone_pipeline/build/lib/drone_pipeline
[0.717s] copying drone_pipeline/mission_control_node.py -> /home/varsha/drone_ws/src/ros_pipeline/drone_pipeline/build/drone_pipeline/build/lib/drone_pipeline
[0.717s] copying drone_pipeline/detection_node.py -> /home/varsha/drone_ws/src/ros_pipeline/drone_pipeline/build/drone_pipeline/build/lib/drone_pipeline
[0.717s] copying drone_pipeline/geotag_node.py -> /home/varsha/drone_ws/src/ros_pipeline/drone_pipeline/build/drone_pipeline/build/lib/drone_pipeline
[0.717s] copying drone_pipeline/fusion_node.py -> /home/varsha/drone_ws/src/ros_pipeline/drone_pipeline/build/drone_pipeline/build/lib/drone_pipeline
[0.717s] running install
[0.719s] running install_lib
[0.730s] creating /home/varsha/drone_ws/src/ros_pipeline/drone_pipeline/install/drone_pipeline/lib/python3.10/site-packages/drone_pipeline
[0.730s] copying /home/varsha/drone_ws/src/ros_pipeline/drone_pipeline/build/drone_pipeline/build/lib/drone_pipeline/mock_camera_node.py -> /home/varsha/drone_ws/src/ros_pipeline/drone_pipeline/install/drone_pipeline/lib/python3.10/site-packages/drone_pipeline
[0.730s] copying /home/varsha/drone_ws/src/ros_pipeline/drone_pipeline/build/drone_pipeline/build/lib/drone_pipeline/__init__.py -> /home/varsha/drone_ws/src/ros_pipeline/drone_pipeline/install/drone_pipeline/lib/python3.10/site-packages/drone_pipeline
[0.730s] copying /home/varsha/drone_ws/src/ros_pipeline/drone_pipeline/build/drone_pipeline/build/lib/drone_pipeline/payload_control_node.py -> /home/varsha/drone_ws/src/ros_pipeline/drone_pipeline/install/drone_pipeline/lib/python3.10/site-packages/drone_pipeline
[0.730s] copying /home/varsha/drone_ws/src/ros_pipeline/drone_pipeline/build/drone_pipeline/build/lib/drone_pipeline/camera_node.py -> /home/varsha/drone_ws/src/ros_pipeline/drone_pipeline/install/drone_pipeline/lib/python3.10/site-packages/drone_pipeline
[0.730s] copying /home/varsha/drone_ws/src/ros_pipeline/drone_pipeline/build/drone_pipeline/build/lib/drone_pipeline/mission_control_node.py -> /home/varsha/drone_ws/src/ros_pipeline/drone_pipeline/install/drone_pipeline/lib/python3.10/site-packages/drone_pipeline
[0.730s] copying /home/varsha/drone_ws/src/ros_pipeline/drone_pipeline/build/drone_pipeline/build/lib/drone_pipeline/detection_node.py -> /home/varsha/drone_ws/src/ros_pipeline/drone_pipeline/install/drone_pipeline/lib/python3.10/site-packages/drone_pipeline
[0.730s] copying /home/varsha/drone_ws/src/ros_pipeline/drone_pipeline/build/drone_pipeline/build/lib/drone_pipeline/geotag_node.py -> /home/varsha/drone_ws/src/ros_pipeline/drone_pipeline/install/drone_pipeline/lib/python3.10/site-packages/drone_pipeline
[0.731s] copying /home/varsha/drone_ws/src/ros_pipeline/drone_pipeline/build/drone_pipeline/build/lib/drone_pipeline/fusion_node.py -> /home/varsha/drone_ws/src/ros_pipeline/drone_pipeline/install/drone_pipeline/lib/python3.10/site-packages/drone_pipeline
[0.731s] byte-compiling /home/varsha/drone_ws/src/ros_pipeline/drone_pipeline/install/drone_pipeline/lib/python3.10/site-packages/drone_pipeline/mock_camera_node.py to mock_camera_node.cpython-310.pyc
[0.731s] byte-compiling /home/varsha/drone_ws/src/ros_pipeline/drone_pipeline/install/drone_pipeline/lib/python3.10/site-packages/drone_pipeline/__init__.py to __init__.cpython-310.pyc
[0.731s] byte-compiling /home/varsha/drone_ws/src/ros_pipeline/drone_pipeline/install/drone_pipeline/lib/python3.10/site-packages/drone_pipeline/payload_control_node.py to payload_control_node.cpython-310.pyc
[0.731s] byte-compiling /home/varsha/drone_ws/src/ros_pipeline/drone_pipeline/install/drone_pipeline/lib/python3.10/site-packages/drone_pipeline/camera_node.py to camera_node.cpython-310.pyc
[0.731s] byte-compiling /home/varsha/drone_ws/src/ros_pipeline/drone_pipeline/install/drone_pipeline/lib/python3.10/site-packages/drone_pipeline/mission_control_node.py to mission_control_node.cpython-310.pyc
[0.732s] byte-compiling /home/varsha/drone_ws/src/ros_pipeline/drone_pipeline/install/drone_pipeline/lib/python3.10/site-packages/drone_pipeline/detection_node.py to detection_node.cpython-310.pyc
[0.732s] byte-compiling /home/varsha/drone_ws/src/ros_pipeline/drone_pipeline/install/drone_pipeline/lib/python3.10/site-packages/drone_pipeline/geotag_node.py to geotag_node.cpython-310.pyc
[0.733s] byte-compiling /home/varsha/drone_ws/src/ros_pipeline/drone_pipeline/install/drone_pipeline/lib/python3.10/site-packages/drone_pipeline/fusion_node.py to fusion_node.cpython-310.pyc
[0.733s] running install_data
[0.734s] creating /home/varsha/drone_ws/src/ros_pipeline/drone_pipeline/install/drone_pipeline/share/ament_index/resource_index/packages
[0.734s] copying resource/drone_pipeline -> /home/varsha/drone_ws/src/ros_pipeline/drone_pipeline/install/drone_pipeline/share/ament_index/resource_index/packages
[0.734s] copying package.xml -> /home/varsha/drone_ws/src/ros_pipeline/drone_pipeline/install/drone_pipeline/share/drone_pipeline
[0.734s] running install_egg_info
[0.745s] Copying build/drone_pipeline/drone_pipeline.egg-info to /home/varsha/drone_ws/src/ros_pipeline/drone_pipeline/install/drone_pipeline/lib/python3.10/site-packages/drone_pipeline-0.0.0-py3.10.egg-info
[0.745s] running install_scripts
[0.766s] Installing camera_node script to /home/varsha/drone_ws/src/ros_pipeline/drone_pipeline/install/drone_pipeline/lib/drone_pipeline
[0.766s] Installing detection_node script to /home/varsha/drone_ws/src/ros_pipeline/drone_pipeline/install/drone_pipeline/lib/drone_pipeline
[0.767s] Installing fusion_node script to /home/varsha/drone_ws/src/ros_pipeline/drone_pipeline/install/drone_pipeline/lib/drone_pipeline
[0.767s] Installing geotag_node script to /home/varsha/drone_ws/src/ros_pipeline/drone_pipeline/install/drone_pipeline/lib/drone_pipeline
[0.767s] Installing mission_control_node script to /home/varsha/drone_ws/src/ros_pipeline/drone_pipeline/install/drone_pipeline/lib/drone_pipeline
[0.767s] Installing mock_camera_node script to /home/varsha/drone_ws/src/ros_pipeline/drone_pipeline/install/drone_pipeline/lib/drone_pipeline
[0.767s] Installing payload_control_node script to /home/varsha/drone_ws/src/ros_pipeline/drone_pipeline/install/drone_pipeline/lib/drone_pipeline
[0.767s] writing list of installed files to '/home/varsha/drone_ws/src/ros_pipeline/drone_pipeline/build/drone_pipeline/install.log'
[0.786s] Invoked command in '/home/varsha/drone_ws/src/ros_pipeline/drone_pipeline' returned '0': PYTHONPATH=/home/varsha/drone_ws/src/ros_pipeline/drone_pipeline/build/drone_pipeline/prefix_override:/usr/lib/python3/dist-packages/colcon_core/task/python/colcon_distutils_commands:/home/varsha/drone_ws/src/ros_pipeline/drone_pipeline/install/drone_pipeline/lib/python3.10/site-packages:${PYTHONPATH} /usr/bin/python3 -W ignore:setup.py install is deprecated -W ignore:easy_install command is deprecated setup.py egg_info --egg-base build/drone_pipeline build --build-base /home/varsha/drone_ws/src/ros_pipeline/drone_pipeline/build/drone_pipeline/build install --record /home/varsha/drone_ws/src/ros_pipeline/drone_pipeline/build/drone_pipeline/install.log --install-scripts $base/lib/drone_pipeline --single-version-externally-managed install_data
